2026-08-22 14:17:00,103 INFO [score-p176-c]                 Book.java:560  | 1 sheet in C:\MY_PYTHON_PROJECTS\Creare_Carti_Chitari\scores\score-p176-c.png
2026-08-22 14:17:00,218 INFO []                 Book.java:2565 | Stored /book.xml
2026-08-22 14:17:00,218 INFO []                 Book.java:2525 | Book stored as C:\MY_PYTHON_PROJECTS\Creare_Carti_Chitari\scores\score-p176-c.omr
2026-08-22 14:17:00,220 INFO []                 Book.java:1929 | Book reaching PAGE on sheets:[#1]
2026-08-22 14:17:00,221 INFO [score-p176-c]       StepMonitoring.java:98   | LOAD
2026-08-22 14:17:00,236 INFO [score-p176-c]            SheetStub.java:1278 | Loaded image #1 1139x74 from C:\MY_PYTHON_PROJECTS\Creare_Carti_Chitari\scores\score-p176-c.png
2026-08-22 14:17:00,238 INFO [score-p176-c]       StepMonitoring.java:98   | BINARY
2026-08-22 14:17:00,285 INFO [score-p176-c]       StepMonitoring.java:98   | SCALE
2026-08-22 14:17:00,293 INFO [score-p176-c]         ScaleBuilder.java:254  | Beam  guessed height:  7 -- 0.25 of [5..11] range
2026-08-22 14:17:00,293 WARN [score-p176-c]         ScaleBuilder.java:300  | No reliable beam height found, guessed value: 7
2026-08-22 14:17:00,293 INFO [score-p176-c]         ScaleBuilder.java:401  | Normalized black jitter: 8.33 %
2026-08-22 14:17:00,294 INFO [score-p176-c]            ScaleStep.java:65   | Scale{ interline(11,12,12) line(2,2,3) beam(7 extra)}
2026-08-22 14:17:00,294 INFO [score-p176-c]       StepMonitoring.java:98   | GRID
2026-08-22 14:17:00,376 INFO [score-p176-c]       LinesRetriever.java:1508 | Global slope: 0.00000
2026-08-22 14:17:00,388 INFO [score-p176-c]    ClustersRetriever.java:326  | Retrieved raw line clusters: 1 of sizes [5] with interline(11,12,12)
2026-08-22 14:17:00,414 INFO [score-p176-c]            PeakGraph.java:310  | Systems: #1[1]
2026-08-22 14:17:00,457 INFO [score-p176-c]        SystemManager.java:800  | 1 part along 1 system
2026-08-22 14:17:00,457 INFO [score-p176-c]                 Book.java:543  | Created scores: [{Score 1}]
2026-08-22 14:17:00,458 INFO [score-p176-c]       StepMonitoring.java:98   | HEADERS
2026-08-22 14:17:00,782 WARN [score-p176-c]          ClefBuilder.java:658  | Staff#1 no recognized header clef.
2026-08-22 14:17:00,796 INFO [score-p176-c]       StepMonitoring.java:98   | STEM_SEEDS
2026-08-22 14:17:00,807 INFO [score-p176-c]        StemSeedsStep.java:86   | stem(2 max:4)
2026-08-22 14:17:00,819 INFO [score-p176-c]       StepMonitoring.java:98   | BEAMS
2026-08-22 14:17:00,923 INFO [score-p176-c]       StepMonitoring.java:98   | LEDGERS
2026-08-22 14:17:00,945 INFO [score-p176-c]       StepMonitoring.java:98   | HEADS
2026-08-22 14:17:00,976 WARN [score-p176-c]                 Book.java:2044 | Error processing stub java.lang.ArrayIndexOutOfBoundsException: Index 84286 out of bounds for length 84286
java.util.concurrent.ExecutionException: java.lang.ArrayIndexOutOfBoundsException: Index 84286 out of bounds for length 84286
	at java.base/java.util.concurrent.FutureTask.report(Unknown Source)
	at java.base/java.util.concurrent.FutureTask.get(Unknown Source)
	at org.audiveris.omr.sheet.SheetStub.doOneStep(SheetStub.java:519)
	at org.audiveris.omr.sheet.SheetStub.reachStep(SheetStub.java:1405)
	at org.audiveris.omr.sheet.Book.reachBookStep(Book.java:2035)
	at org.audiveris.omr.sheet.Book.transcribe(Book.java:2626)
	at org.audiveris.omr.sheet.Book.export(Book.java:593)
	at org.audiveris.omr.CLI$ProcessingTask.processBook(CLI.java:927)
	at org.audiveris.omr.CLI$CliTask.call(CLI.java:513)
	at org.audiveris.omr.Main.runBatchTasks(Main.java:370)
	at org.audiveris.omr.Main.main(Main.java:272)
	at Audiveris.main(Audiveris.java:50)
Caused by: java.lang.ArrayIndexOutOfBoundsException: Index 84286 out of bounds for length 84286
	at org.audiveris.omr.util.Table$Short.setValue(Table.java:482)
	at org.audiveris.omr.image.DistanceTable$Abstract.setValue(DistanceTable.java:183)
	at org.audiveris.omr.sheet.note.DistancesBuilder$TablePainter.paintPixel(DistancesBuilder.java:275)
	at org.audiveris.omr.sheet.note.DistancesBuilder.paintLines(DistancesBuilder.java:176)
	at org.audiveris.omr.sheet.note.DistancesBuilder.buildDistances(DistancesBuilder.java:117)
	at org.audiveris.omr.sheet.note.HeadsStep.doProlog(HeadsStep.java:87)
	at org.audiveris.omr.sheet.note.HeadsStep.doProlog(HeadsStep.java:46)
	at org.audiveris.omr.step.AbstractSystemStep.doit(AbstractSystemStep.java:122)
	at org.audiveris.omr.step.OmrStep.doit(OmrStep.java:138)
	at org.audiveris.omr.sheet.SheetStub.lambda$doOneStep$0(SheetStub.java:503)
	at java.base/java.util.concurrent.FutureTask.run(Unknown Source)
	at java.base/java.util.concurrent.ThreadPoolExecutor.runWorker(Unknown Source)
	at java.base/java.util.concurrent.ThreadPoolExecutor$Worker.run(Unknown Source)
	at java.base/java.lang.Thread.run(Unknown Source)
2026-08-22 14:17:00,977 INFO [score-p176-c]                 Book.java:2584 | Book{score-p176-c} storing
2026-08-22 14:17:00,991 INFO [score-p176-c]                 Book.java:2565 | Stored /book.xml
2026-08-22 14:17:01,023 INFO [score-p176-c]           DataHolder.java:348  | Stored /sheet#1/BINARY.png
2026-08-22 14:17:01,025 INFO [score-p176-c]           DataHolder.java:348  | Stored /sheet#1/HEAD_SPOTS.png
2026-08-22 14:17:01,159 INFO [score-p176-c]                Sheet.java:1583 | Stored /sheet#1/sheet#1.xml
2026-08-22 14:17:01,159 INFO [score-p176-c]                 Book.java:2525 | Book stored as C:\MY_PYTHON_PROJECTS\Creare_Carti_Chitari\scores\score-p176-c.omr
2026-08-22 14:17:01,160 INFO [score-p176-c]            SheetStub.java:1655 | Sheet disposed
2026-08-22 14:17:01,172 INFO [score-p176-c]                 Book.java:2050 | End of Stub#1
2026-08-22 14:17:01,172 INFO [score-p176-c]                 Book.java:2057 | End of Book{score-p176-c}
2026-08-22 14:17:01,173 INFO [score-p176-c]                 Book.java:596  | Could not export since transcription did not complete successfully
2026-08-22 14:17:01,173 WARN [score-p176-c]                  CLI.java:956  | Exception occurred java.lang.Exception: Error in export
java.lang.Exception: Error in export
	at org.audiveris.omr.CLI$ProcessingTask.processBook(CLI.java:930)
	at org.audiveris.omr.CLI$CliTask.call(CLI.java:513)
	at org.audiveris.omr.Main.runBatchTasks(Main.java:370)
	at org.audiveris.omr.Main.main(Main.java:272)
	at Audiveris.main(Audiveris.java:50)
2026-08-22 14:17:01,186 INFO [score-p176-c]                Score.java:181  | Closing {Score 1}
